SQL> start/home/cpaiz/COEN178/labs/lab3/3_1.sql
SQL> -- Part 1
SQL> -- Create table L_EMP
SQL> CREATE TABLE L_EMP (
  2  	 empNo INTEGER PRIMARY KEY,
  3  	 empname VARCHAR(10),
  4  	 deptId VARCHAR(5)
  5  );

Table created.

SQL> 
SQL> -- Create table L_DEPT
SQL> CREATE TABLE L_DEPT (
  2  	 deptId VARCHAR(5) PRIMARY KEY,
  3  	 deptname VARCHAR(10),
  4  	 budget NUMBER(10,2)
  5  );

Table created.

SQL> 
SQL> -- Insert tuples
SQL> insert into L_EMP values(1,'smith','d1');

1 row created.

SQL> insert into L_EMP values(2,'jones','d2');

1 row created.

SQL> insert into L_EMP values(3,'wayne','d1');

1 row created.

SQL> insert into L_EMP values(4,'moor','d3');

1 row created.

SQL> insert into L_EMP values(5,'king','d1');

1 row created.

SQL> insert into L_EMP values(6,'chen','d1');

1 row created.

SQL> insert into L_EMP values(7,'winger','d3');

1 row created.

SQL> 
SQL> insert into L_DEPT values('d1','Research',200000);

1 row created.

SQL> insert into L_DEPT values('d2','Devt',600000);

1 row created.

SQL> insert into L_DEPT values('d3','Testing',100000);

1 row created.

SQL> insert into L_DEPT values('d4','Advert',700000);

1 row created.

SQL> insert into L_DEPT values('d9','HR',700000);

1 row created.

SQL> 
SQL> -- Ensure data has been entered
SQL> SELECT * FROM L_EMP;

     EMPNO EMPNAME    DEPTI                                                     
---------- ---------- -----                                                     
         1 smith      d1                                                        
         2 jones      d2                                                        
         3 wayne      d1                                                        
         4 moor       d3                                                        
         5 king       d1                                                        
         6 chen       d1                                                        
         7 winger     d3                                                        

7 rows selected.

SQL> SELECT * FROM L_DEPT;

DEPTI DEPTNAME       BUDGET                                                     
----- ---------- ----------                                                     
d1    Research       200000                                                     
d2    Devt           600000                                                     
d3    Testing        100000                                                     
d4    Advert         700000                                                     
d9    HR             700000                                                     

SQL> 
SQL> -- Exercise 1
SQL> SELECT empno, empname
  2  	 FROM L_EMP, L_DEPT
  3  	 WHERE deptname = 'Research';

     EMPNO EMPNAME                                                              
---------- ----------                                                           
         1 smith                                                                
         2 jones                                                                
         3 wayne                                                                
         4 moor                                                                 
         5 king                                                                 
         6 chen                                                                 
         7 winger                                                               

7 rows selected.

SQL> 
SQL> -- Exercise 2
SQL> SELECT empno, empname
  2  	 FROM L_EMP, L_DEPT
  3  	 Where L_EMP.deptid = L_Dept.deptid
  4  	 AND deptname='Research';

     EMPNO EMPNAME                                                              
---------- ----------                                                           
         1 smith                                                                
         3 wayne                                                                
         5 king                                                                 
         6 chen                                                                 

SQL> 
SQL> -- Exercise 3
SQL> SELECT empno, empname
  2  	 FROM L_EMP
  3  	 WHERE L_EMP.deptid = (SELECT deptid
  4  	     FROM L_Dept
  5  	     WHERE deptname='Research');

     EMPNO EMPNAME                                                              
---------- ----------                                                           
         1 smith                                                                
         3 wayne                                                                
         5 king                                                                 
         6 chen                                                                 

SQL> 
SQL> -- Exercise 4
SQL> SELECT empno, empname
  2  	 FROM L_EMP
  3  	 WHERE L_EMP.deptId = (SELECT deptId
  4  	     FROM L_Dept
  5  	     WHERE budget > 100000);
    WHERE L_EMP.deptId = (SELECT deptId
                          *
ERROR at line 3:
ORA-01427: single-row subquery returns more than one row 


SQL> 
SQL> -- Exercise 5
SQL> SELECT empno, empname
  2  	 FROM L_EMP
  3  	 WHERE L_EMP.deptid
  4  	 IN (SELECT deptid
  5  	     FROM L_Dept
  6  	     WHERE budget > 100000);

     EMPNO EMPNAME                                                              
---------- ----------                                                           
         1 smith                                                                
         2 jones                                                                
         3 wayne                                                                
         5 king                                                                 
         6 chen                                                                 

SQL> 
SQL> -- Exercise 6
SQL> SELECT deptname
  2  	 FROM L_DEPT
  3  	 WHERE budget = (SELECT max(budget)
  4  	     FROM L_DEPT);

DEPTNAME                                                                        
----------                                                                      
Advert                                                                          
HR                                                                              

SQL> 
SQL> -- Exercise 7
SQL> SELECT deptname
  2  	 FROM L_DEPT
  3  	 WHERE budget >= all(SELECT budget
  4  	     FROM L_DEPT);

DEPTNAME                                                                        
----------                                                                      
HR                                                                              
Advert                                                                          

SQL> 
SQL> -- Exercise 8
SQL> SELECT COUNT(*) LargeBudgetDepts
  2  	 FROM L_DEPT
  3  	 WHERE budget > 100000;

LARGEBUDGETDEPTS                                                                
----------------                                                                
               4                                                                

SQL> 
SQL> -- Exercise 9
SQL> SELECT budget Budget, COUNT(*) HowMany
  2  	 FROM L_DEPT
  3  	 WHERE budget > 100000
  4  	 GROUP BY(budget);

    BUDGET    HOWMANY                                                           
---------- ----------                                                           
    600000          1                                                           
    200000          1                                                           
    700000          2                                                           

SQL> 
SQL> insert into L_DEPT values('d5','Training',400000);

1 row created.

SQL> insert into L_DEPT values('d6','Storage',100000);

1 row created.

SQL> insert into L_DEPT values('d7','Management',600000);

1 row created.

SQL> insert into L_DEPT values('d8','Maintain',500000);

1 row created.

SQL> 
SQL> SELECT budget Budget, COUNT(*) HowMany
  2  	 FROM L_DEPT
  3  	 WHERE budget > 100000
  4  	 GROUP BY(budget);

    BUDGET    HOWMANY                                                           
---------- ----------                                                           
    600000          2                                                           
    200000          1                                                           
    700000          2                                                           
    400000          1                                                           
    500000          1                                                           

SQL> 
SQL> -- Exercise 10
SQL> SELECT budget Budget, COUNT(*) EqualOrGreaterThan2
  2  	 FROM L_DEPT
  3  	 WHERE budget > 100000
  4  	 GROUP BY(budget)
  5  	 HAVING COUNT(*) >=2;

    BUDGET EQUALORGREATERTHAN2                                                  
---------- -------------------                                                  
    600000                   2                                                  
    700000                   2                                                  

SQL> 
SQL> -- Part 2
SQL> -- Exercise 11
SQL> SELECT first || last AS fullname
  2  	 FROM Staff
  3  	 WHERE salary = (SELECT max(salary)
  4  	     FROM Staff);

FULLNAME                                                                        
----------------------------------------                                        
 Michael M.Hash                                                                 
 Timothy P.Love                                                                 

SQL> 
SQL> -- Exercise 12
SQL> SELECT last, salary
  2  	 FROM Staff
  3  	 WHERE salary = (SELECT salary
  4  	     FROM Staff
  5  	     WHERE last = 'Zichal');

LAST                     SALARY                                                 
-------------------- ----------                                                 
Bhowmik                  100000                                                 
DuBois                   100000                                                 
Frankel                  100000                                                 
Hurwitz                  100000                                                 
Jarvis-Shean             100000                                                 
Jones                    100000                                                 
Simas                    100000                                                 
Teehee                   100000                                                 
Vega                     100000                                                 
Zichal                   100000                                                 

10 rows selected.

SQL> 
SQL> SELECT last, salary
  2  	 FROM Staff
  3  	 WHERE salary = (SELECT salary
  4  	     FROM Staff
  5  	     WHERE UPPER(last) LIKE UPPER('Zichal'));

LAST                     SALARY                                                 
-------------------- ----------                                                 
Bhowmik                  100000                                                 
DuBois                   100000                                                 
Frankel                  100000                                                 
Hurwitz                  100000                                                 
Jarvis-Shean             100000                                                 
Jones                    100000                                                 
Simas                    100000                                                 
Teehee                   100000                                                 
Vega                     100000                                                 
Zichal                   100000                                                 

10 rows selected.

SQL> 
SQL> SELECT last, salary
  2  	 FROM Staff
  3  	 WHERE salary = (SELECT salary
  4  	     FROM Staff
  5  	     WHERE UPPER(last) LIKE UPPER('Young'));
    WHERE salary = (SELECT salary
                    *
ERROR at line 3:
ORA-01427: single-row subquery returns more than one row 


SQL> 
SQL> SELECT last, salary
  2  	 FROM Staff
  3  	 WHERE salary IN (SELECT salary
  4  	     FROM Staff
  5  	     WHERE UPPER(last) LIKE UPPER('Young'));

LAST                     SALARY                                                 
-------------------- ----------                                                 
Alley                     42000                                                 
Asen                      42000                                                 
Attili                    58511                                                 
Ayling                    42000                                                 
Baggetto                  42000                                                 
Bates                     42000                                                 
Bisi                      42000                                                 
Block                     42000                                                 
Campbell                  42000                                                 
Campos                    42000                                                 
Canery                    58511                                                 

LAST                     SALARY                                                 
-------------------- ----------                                                 
Carden                    42000                                                 
Castillo                  42000                                                 
Chhabra                   42000                                                 
Claude                    58511                                                 
Cobbina                   42000                                                 
Conrad                    42000                                                 
Cuba                      42000                                                 
Cunningham                42000                                                 
Donovan                   42000                                                 
Dorsett                   42000                                                 
Faulman                   42000                                                 

LAST                     SALARY                                                 
-------------------- ----------                                                 
Fenn                      42000                                                 
Fergenson                 42000                                                 
Ford                      42000                                                 
Frank                     42000                                                 
Godfrey                   42000                                                 
Gottlieb                  42000                                                 
Grant                     42000                                                 
Hanson                    42000                                                 
Harris                    42000                                                 
Hegde                     42000                                                 
Hernandez                 42000                                                 

LAST                     SALARY                                                 
-------------------- ----------                                                 
Hiatt                     42000                                                 
Hughes                    42000                                                 
Jackson                   42000                                                 
Jones                     42000                                                 
Kennedy                   42000                                                 
Ledbetter                 42000                                                 
Lee                       42000                                                 
Lewin                     42000                                                 
Lewis                     42000                                                 
Limon                     42000                                                 
Metcalf                   42000                                                 

LAST                     SALARY                                                 
-------------------- ----------                                                 
Mrazek                    42000                                                 
Northern                  42000                                                 
Ocampo                    42000                                                 
Oxtoby                    42000                                                 
Page                      42000                                                 
Pope                      42000                                                 
Portilla                  42000                                                 
Posey                     42000                                                 
Pulliam                   42000                                                 
Robertson                 42000                                                 
Schaub                    42000                                                 

LAST                     SALARY                                                 
-------------------- ----------                                                 
Schmuck                   42000                                                 
Sinha                     42000                                                 
Sirbu                     42000                                                 
Smith                     42000                                                 
Smith                     42000                                                 
Stickel                   42000                                                 
Swanson                   42000                                                 
Tennison                  42000                                                 
Thomas                    42000                                                 
Tranchin                  42000                                                 
Young                     42000                                                 

LAST                     SALARY                                                 
-------------------- ----------                                                 
Young                     58511                                                 

67 rows selected.

SQL> 
SQL> -- Exercise 13
SQL> SELECT salary, COUNT(*) Salaries_100k_Above
  2  	 FROM Staff
  3  	 WHERE salary > 100000
  4  	 GROUP BY(salary);

    SALARY SALARIES_100K_ABOVE                                                  
---------- -------------------                                                  
    102000                   8                                                  
    158500                   9                                                  
    155500                   5                                                  
    145000                   1                                                  
    112774                   1                                                  
    113000                   5                                                  
    136134                   1                                                  
    130000                   5                                                  
    129758                   1                                                  
    165000                   1                                                  
    153500                   2                                                  

    SALARY SALARIES_100K_ABOVE                                                  
---------- -------------------                                                  
    162500                   1                                                  
    139500                   1                                                  
    130500                  26                                                  
    100904                   2                                                  
    149000                   2                                                  
    114000                   3                                                  
    172200                  23                                                  
    123758                   1                                                  
    147500                   4                                                  
    162900                   1                                                  
    115731                   1                                                  

    SALARY SALARIES_100K_ABOVE                                                  
---------- -------------------                                                  
    172000                   1                                                  
    122744                   1                                                  
    140259                   1                                                  
    106839                   1                                                  
    110500                   1                                                  
    132009                   1                                                  
    148510                   2                                                  
    126251                   1                                                  
    113605                   1                                                  
    140000                   2                                                  
    120000                   8                                                  

    SALARY SALARIES_100K_ABOVE                                                  
---------- -------------------                                                  
    105211                   1                                                  
    179700                   2                                                  
    150000                   3                                                  
    102829                   1                                                  
    110000                   1                                                  
    144868                   1                                                  
    107770                   1                                                  

40 rows selected.

SQL> 
SQL> -- Exercise 14
SQL> SELECT salary, COUNT(*) Salaries_100k_Above
  2  	 FROM Staff
  3  	 WHERE salary > 100000
  4  	 GROUP BY(salary)
  5  	 HAVING COUNT(*) >= 10;

    SALARY SALARIES_100K_ABOVE                                                  
---------- -------------------                                                  
    130500                  26                                                  
    172200                  23                                                  

SQL> 
SQL> -- Exercise 15
SQL> SELECT deptId
  2  	 FROM L_EMP
  3  	 GROUP BY(deptid)
  4  	 HAVING COUNT(*) IN (SELECT MAX(COUNT(*)) employees
  5  	     FROM L_EMP GROUP BY (deptId));

DEPTI                                                                           
-----                                                                           
d1                                                                              

SQL> 
SQL> spool off
